57e00000 T _start
57e00020 t _undefined_instruction
57e00024 t _software_interrupt
57e00028 t _prefetch_abort
57e0002c t _data_abort
57e00030 t _not_used
57e00034 t _irq
57e00038 t _fiq
57e0003c t _pad
57e00040 T _TEXT_BASE
57e00040 T _end_vect
57e00044 t _TEXT_PHY_BASE
57e00048 T _bss_start_ofs
57e0004c T _bss_end_ofs
57e00050 T _end_ofs
57e00054 T IRQ_STACK_START_IN
57e00058 t reset
57e00068 t cpu_init_crit
57e000a0 t mmu_disable
57e000b0 t mmu_disable_phys
57e000c0 t call_board_init_f
57e000d0 T relocate_code
57e000e0 t stack_setup
57e00110 t copy_loop
57e00120 t fixsym
57e00140 t fixloop
57e00164 t fixabs
57e00178 t fixrel
57e00180 t fixnext
57e00190 t clear_bss
57e001a8 t clbss_l
57e001dc t _board_init_r_ofs
57e001e0 t _rel_dyn_start_ofs
57e001e4 t _rel_dyn_end_ofs
57e001e8 t _dynsym_start_ofs
57e00200 t undefined_instruction
57e00260 t software_interrupt
57e002c0 t prefetch_abort
57e00320 t data_abort
57e00380 t not_used
57e003e0 t irq
57e00440 t fiq
57e004a0 T cleanup_before_linux
57e004c4 T reset_cpu
57e004d8 t _loop_forever
57e004e4 T mem_ctrl_asm_init
57e005d4 t check_dmc1_ready
57e00624 t check_dmc1_pause
57e00644 t check_dmc1_config
57e00678 t check_dmc1_ready_128m
57e00690 t mem_ctrl_asm_init_end
57e006e4 t get_PLLCLK
57e00748 T get_ARMCLK
57e00770 T get_FCLK
57e00778 T get_HCLK
57e007cc T get_PCLK
57e00820 T get_UCLK
57e00828 T print_cpuinfo
57e008d4 T timer_init
57e00958 T get_ticks
57e009a8 T get_tbclk
57e009bc T reset_timer_masked
57e009e0 T reset_timer
57e009e4 T get_timer_masked
57e00a44 T get_timer
57e00a58 T set_timer
57e00a88 T __udelay
57e00ac4 t display_banner
57e00ae4 t init_baudrate
57e00b38 T __coloured_LED_init
57e00b38 W coloured_LED_init
57e00b3c T __red_LED_on
57e00b3c W red_LED_on
57e00b40 T __red_LED_off
57e00b40 W red_LED_off
57e00b44 T __green_LED_on
57e00b44 W green_LED_on
57e00b48 T __green_LED_off
57e00b48 W green_LED_off
57e00b4c T __yellow_LED_on
57e00b4c W yellow_LED_on
57e00b50 T __yellow_LED_off
57e00b50 W yellow_LED_off
57e00b54 T __blue_LED_on
57e00b54 W blue_LED_on
57e00b58 T __blue_LED_off
57e00b58 W blue_LED_off
57e00b5c T __dram_init_banksize
57e00b78 T board_init_r
57e00ccc T hang
57e00ce0 T board_init_f
57e00e00 T arch_lmb_reserve
57e00e24 T do_bootm_linux
57e00fc4 T flush_cache
57e00fc8 t cp_delay
57e00ff8 t mmu_setup
57e01080 T icache_enable
57e01098 T icache_disable
57e010b0 T icache_status
57e010c0 T dcache_enable
57e010dc T dcache_disable
57e01108 T dcache_status
57e01118 T interrupt_init
57e01134 T enable_interrupts
57e01138 T disable_interrupts
57e01140 T bad_mode
57e0115c T show_regs
57e01298 T do_undefined_instruction
57e012bc T do_software_interrupt
57e012e0 T do_prefetch_abort
57e01304 T do_data_abort
57e01328 T do_not_used
57e0134c T do_fiq
57e01370 T do_irq
57e01394 T do_reset
57e013c4 t print_num
57e013dc T do_bdinfo
57e014f8 t do_bmp
57e01550 T gunzip_bmp
57e015e4 t do_bmp_display
57e016f0 t do_bmp_info
57e01818 W do_go_exec
57e01830 T do_go
57e018a0 t __fswab32
57e018bc T do_bootd
57e018e0 t do_bootm_rtems
57e01918 t do_bootm_qnxelf
57e0196c t do_bootm_vxworks
57e019c0 t do_bootm_netbsd
57e01aec t image_get_magic.isra.8
57e01af0 t image_get_size.isra.10
57e01af4 t bootm_load_os.isra.15
57e01c40 t image_info
57e01d10 T do_iminfo
57e01d70 t bootm_start.isra.14
57e020f4 T __arch_preboot_os
57e020f4 W arch_preboot_os
57e020f8 T do_bootm_subcommand
57e02344 T do_bootm
57e025d8 t on_off
57e02618 T do_icache
57e0268c T do_dcache
57e02700 T do_coninfo
57e027bc T do_echo
57e0284c t load_elf_image_shdr
57e028d8 W do_bootelf_exec
57e0291c T valid_elf_image
57e02968 T do_bootelf
57e02ac4 T do_bootvx
57e02d58 T do_exit
57e02d88 T do_ext2load
57e03090 T do_ext2ls
57e031c4 T do_fat_fsinfo
57e032a0 T do_fat_fsload
57e03420 T do_fat_ls
57e0352c T do_flinfo
57e03534 T do_flerase
57e0353c T do_protect
57e03594 T do_help
57e035dc t evalexp
57e03650 T binary_test
57e03834 T do_itest
57e038cc t bin_data_init
57e038e8 t getcxmodem
57e03908 t load_serial_ymodem
57e039ec t bin_data_char
57e03a10 t load_serial
57e03c20 T do_load_serial
57e03cfc T send_pad
57e03d2c T ktrans
57e03d50 T chk1
57e03d78 T s1_sendpacket
57e03da0 T send_ack
57e03e04 T send_nack
57e03e68 T k_data_init
57e03e88 T k_data_save
57e03eac T k_data_restore
57e03ed0 T k_data_char
57e03f20 T handle_send_packet
57e040e8 T do_load_serial_bin
57e0454c T do_mem_loop
57e04638 T do_mem_md
57e0470c T do_mem_base
57e0474c T do_mem_mtest
57e048f0 T do_mem_mw
57e049ac T do_mem_cmp
57e04b4c t mod_mem.part.2
57e04c94 T do_mem_mm
57e04cac T do_mem_cp
57e04d7c T do_mem_crc
57e04e20 T do_mem_nm
57e04e38 T do_sleep
57e04eb8 T do_mmcops
57e052dc T do_mmcinfo
57e05470 t nand_print_info
57e054cc t str2off
57e0550c t arg_off_size
57e05670 T do_nand
57e06050 T do_nandboot
57e0639c t netboot_common
57e06698 T do_bootp
57e066a4 T do_tftpb
57e066b0 T do_nfs
57e066bc T do_ping
57e06740 t do_env_delete
57e06758 t env_print
57e067f0 T do_env_save
57e0681c t do_env
57e0687c t do_env_import
57e06ab8 t do_env_default
57e06b00 T do_env_print
57e06b88 T get_env_id
57e06b98 T _do_env_set
57e06f30 T do_env_set
57e06f4c T setenv
57e06f98 t do_env_export
57e07198 T envmatch
57e07200 T getenv_f
57e072c8 T getenv
57e07334 T do_env_edit
57e07398 T do_reginfo
57e073a0 T source
57e074e4 T do_source
57e07528 T do_false
57e07530 T do_true
57e07538 T do_test
57e0799c t do_unzip
57e07a64 T do_usbboot
57e07e00 T usb_get_class_desc
57e07ebc T usb_display_class_sub
57e0803c T usb_display_string
57e08078 T usb_display_desc
57e081b4 T usb_display_conf_desc
57e08260 T usb_display_if_desc
57e082e8 T usb_display_ep_desc
57e083ac T usb_display_config
57e08428 T usb_show_tree_graph
57e08650 T usb_show_tree
57e08680 T do_usb
57e08bc0 T do_version
57e08bf8 T do_imgextract
57e08eb8 T find_cmd_tbl
57e08f5c T find_cmd
57e08f84 T cmd_usage
57e08fe0 T _do_help
57e09164 T cmd_get_data_size
57e091c0 t console_setfile
57e09260 T serial_printf
57e092a0 T fgetc
57e092cc T ftstc
57e092f8 T fputc
57e09320 T fputs
57e09348 T fprintf
57e09390 T getc
57e093c0 T tstc
57e093f0 T putc
57e09420 T puts
57e09450 T printf
57e09490 T vprintf
57e094c4 T ctrlc
57e09514 T disable_ctrlc
57e0952c T had_ctrlc
57e0953c T clear_ctrlc
57e09550 T dbg
57e0955c T search_device
57e09584 T console_assign
57e095c8 T console_init_f
57e095d8 T stdio_print_current_devices
57e09688 T console_init_r
57e097dc T sbrk
57e09840 T mem_malloc_init
57e09864 T malloc_trim
57e09928 T free
57e09b54 T malloc
57e0a114 T calloc
57e0a1f0 T realloc
57e0a6b0 T memalign
57e0a7bc T valloc
57e0a7c8 T pvalloc
57e0a7e0 T cfree
57e0a7e4 T malloc_usable_size
57e0a820 T mallopt
57e0a88c T env_get_addr
57e0a8ac T env_get_char_memory
57e0a8bc T env_get_char
57e0a8ec T set_default_env
57e0a990 T env_import
57e0aa64 T env_relocate
57e0aa94 W mmc_get_env_addr
57e0aa94 t __mmc_get_env_addr
57e0aab0 T env_get_char_spec
57e0aabc T env_init
57e0aad8 T init_mmc_for_env
57e0ab0c T write_env
57e0ab60 T saveenv
57e0ac98 T read_env
57e0acec T env_relocate_spec
57e0ad74 t dummy
57e0ad78 T get_version
57e0ad80 T jumptable_init
57e0af10 t b_reset
57e0af2c t static_get
57e0af48 t static_peek
57e0af54 t file_peek
57e0af60 t syntax_err
57e0af6c t free_pipe_list
57e0b054 t xmalloc
57e0b074 t xrealloc
57e0b094 t done_command
57e0b11c T do_showvar
57e0b20c t is_assignment
57e0b260 t file_get
57e0b420 t b_addchr
57e0b498 t b_addqchr
57e0b4e8 T simple_itoa
57e0b53c T get_local_var
57e0b5c4 t insert_var_value
57e0b6f4 T set_local_var
57e0b89c T unset_local_var
57e0b938 T new_pipe
57e0b960 t done_pipe
57e0b9a8 T reserved_word
57e0bb00 t done_word
57e0bc7c T mapset
57e0bca0 T update_ifs_map
57e0bd10 T parse_string_outer
57e0bdf4 t run_list_real
57e0c5b4 t parse_stream_outer
57e0cb80 T parse_file_outer
57e0cbc4 T u_boot_hush_start
57e0cc18 t __fswab32
57e0cc34 t image_get_data_size
57e0cc3c t image_check_magic
57e0cc60 T image_check_hcrc
57e0ccb0 T image_check_dcrc
57e0ccec T image_multi_count
57e0cd08 T image_multi_getimg
57e0cd90 T getenv_yesno
57e0cdb8 T getenv_bootm_low
57e0cde8 T getenv_bootm_size
57e0ce44 T getenv_bootm_mapsize
57e0ce74 T memmove_wd
57e0ce80 T genimg_print_size
57e0ceb0 T get_table_entry_name
57e0cedc T genimg_get_os_name
57e0cef4 T genimg_get_arch_name
57e0cf0c T genimg_get_type_name
57e0cf24 T genimg_get_comp_name
57e0cf3c T image_print_contents
57e0d0b0 T get_table_entry_id
57e0d100 T genimg_get_os_id
57e0d118 T genimg_get_arch_id
57e0d130 T genimg_get_type_id
57e0d148 T genimg_get_comp_id
57e0d160 T genimg_get_format
57e0d174 T genimg_get_image
57e0d178 T genimg_has_config
57e0d180 T boot_get_ramdisk
57e0d3ac T boot_ramdisk_high
57e0d4d4 t delete_char.part.0
57e0d5a4 t cread_add_char
57e0d68c T __show_boot_progress
57e0d68c W show_boot_progress
57e0d690 T main_loop
57e0d7a8 T readline_into_buffer
57e0dff8 T readline
57e0e014 T parse_line
57e0e09c T run_command
57e0e43c T do_run
57e0e4b0 T get_ram_size
57e0e5ac t hex1_bin
57e0e5ec t hex2_bin
57e0e624 T srec_decode
57e0e87c T nulldev_putc
57e0e880 T nulldev_puts
57e0e884 T nulldev_input
57e0e88c T stdio_get_list
57e0e898 T stdio_get_by_name
57e0e8e4 T stdio_clone
57e0e934 T stdio_register
57e0e970 T stdio_init
57e0ea54 t usb_set_maxpacket_ep
57e0eaac T wait_ms
57e0ead0 T usb_stop
57e0eafc T usb_disable_asynch
57e0eb1c T usb_submit_int_msg
57e0eb20 T usb_control_msg
57e0ebec T usb_bulk_msg
57e0ec50 T usb_maxpacket
57e0ec6c T usb_set_maxpacket
57e0ecd0 T usb_parse_config
57e0ee10 T usb_clear_halt
57e0eeac T usb_get_descriptor
57e0ef14 T usb_get_configuration_no
57e0efb4 T usb_set_address
57e0eff4 T usb_set_interface
57e0f0b4 T usb_set_configuration
57e0f11c T usb_set_protocol
57e0f178 T usb_set_idle
57e0f1dc T usb_get_report
57e0f250 T usb_get_class_descriptor
57e0f2c4 T usb_get_string
57e0f338 t usb_string_sub
57e0f448 T usb_string
57e0f548 T usb_get_dev_index
57e0f578 T usb_alloc_new_device
57e0f608 T usb_get_hub_descriptor
57e0f664 T usb_clear_hub_feature
57e0f6b8 T usb_clear_port_feature
57e0f714 T usb_set_port_feature
57e0f770 t usb_hub_power_on
57e0f7b4 T usb_get_hub_status
57e0f804 T usb_get_port_status
57e0f85c t hub_port_reset
57e0f8fc T usb_hub_reset
57e0f910 T usb_hub_allocate
57e0f958 T usb_hub_probe
57e0f9b0 T usb_new_device
57e0fc44 T usb_scan_devices
57e0fcc4 T usb_init
57e0fd40 T usb_hub_port_connect_change
57e0fe2c T usb_hub_configure
57e10028 t usb_stor_irq
57e10044 t usb_stor_BBB_reset
57e10130 t usb_stor_CB_reset
57e1021c t usb_request_sense.constprop.8
57e1028c t usb_test_unit_ready.constprop.7
57e10308 T usb_stor_write
57e104e4 T usb_stor_read
57e106c0 T usb_stor_get_dev
57e106e4 T usb_show_progress
57e106e8 T usb_stor_info
57e10754 T usb_stor_BBB_comdat
57e10830 T usb_stor_CB_comdat
57e10a4c T usb_stor_CBI_get_status
57e10b14 T usb_stor_CB_transport
57e10d0c T usb_stor_BBB_clear_endpt_stall
57e10d58 T usb_stor_BBB_transport
57e10f18 T usb_storage_probe
57e11124 T usb_stor_get_info
57e11350 T usb_stor_scan
57e11558 T CYGACC_COMM_IF_GETC_TIMEOUT
57e115a4 t xyzModem_flush
57e115d0 t xyzModem_get_hdr
57e11838 T CYGACC_COMM_IF_PUTC
57e11840 T parse_num
57e11968 T xyzModem_stream_open
57e11ab4 T xyzModem_stream_read
57e11d00 T xyzModem_stream_close
57e11d54 T xyzModem_stream_terminate
57e11de8 T xyzModem_error
57e11e08 T get_dev
57e11e64 T dev_print
57e1207c T init_part
57e12098 T get_partition_info
57e120c0 T print_part
57e121a8 t le32_to_int
57e121cc t is_extended
57e121e4 t print_partition_extended
57e123bc t get_partition_info_extended
57e125cc T test_part_dos
57e1261c T print_part_dos
57e12648 T get_partition_info_dos
57e12668 t __fswab32
57e12684 T __board_mmc_getcd
57e12684 W board_mmc_getcd
57e1268c T mmc_send_cmd
57e1269c T mmc_send_status
57e12750 T mmc_set_blocklen
57e12784 T find_mmc_device
57e127fc t mmc_bwrite
57e12960 T mmc_read_blocks
57e12a34 t mmc_bread
57e12ad0 T mmc_go_idle
57e12b20 T sd_send_op_cond
57e12c7c T mmc_send_op_cond
57e12ddc T mmc_send_ext_csd
57e12e2c T mmc_switch
57e12e84 T mmc_change_freq
57e12f3c T mmc_switch_part
57e12f78 T sd_switch
57e12fe4 T sd_change_freq
57e131e0 T mmc_set_ios
57e131f0 T mmc_set_clock
57e13210 T mmc_set_bus_width
57e13218 T mmc_startup
57e13804 T mmc_send_if_cond
57e13880 T mmc_register
57e138fc T mmc_get_dev
57e13910 T mmc_init
57e139c4 W cpu_mmc_init
57e139c4 t __def_mmc_init
57e139cc T print_mmc_devices
57e13a34 T get_mmc_num
57e13a44 T mmc_initialize
57e13a90 t mmc_card_detect
57e13aa0 t mmc_core_init
57e13b68 t mmc_set_ios
57e13ca0 t mmc_send_cmd
57e13f3c T s3c64x0_mmc_init
57e14004 T nand_init
57e140b8 t nand_release_device
57e140d0 t nand_read_byte
57e140e4 t nand_read_byte16
57e140f8 t nand_read_word
57e14108 t nand_write_buf
57e14134 t nand_read_buf
57e14160 t nand_verify_buf
57e141a4 t nand_write_buf16
57e141d8 t nand_read_buf16
57e1420c t nand_verify_buf16
57e14254 t nand_block_bad
57e14340 t nand_check_wp
57e1437c t nand_read_page_raw
57e143b4 t nand_read_page_raw_syndrome
57e14488 t nand_read_page_swecc
57e145a0 t nand_read_subpage
57e1480c t nand_read_page_hwecc
57e14950 t nand_read_page_hwecc_oob_first
57e14a88 t nand_read_page_syndrome
57e14bac t nand_read_oob_std
57e14bf4 t nand_read_oob_syndrome
57e14cfc t nand_write_oob_std
57e14d6c t nand_write_oob_syndrome
57e14f10 t nand_write_page_raw
57e14f44 t nand_write_page_raw_syndrome
57e15014 t nand_write_page_swecc
57e150c8 t nand_write_page_hwecc
57e15194 t nand_write_page_syndrome
57e15284 t single_erase_cmd
57e152c0 t multi_erase_cmd
57e15348 t nand_sync
57e15358 t nand_wait
57e15428 t nand_block_checkbad
57e154a8 t nand_block_isbad
57e154e0 t nand_block_markbad
57e15520 t nand_write_page
57e155cc t nand_fill_oob
57e156e0 t nand_do_write_oob
57e15888 t nand_default_block_markbad
57e15978 t nand_do_write_ops
57e15c48 t nand_write_oob
57e15ce4 t nand_write
57e15d70 t generic_ffs
57e15dbc t nand_select_chip
57e15e14 t nand_transfer_oob
57e15f28 T nand_wait_ready
57e15f74 t nand_command
57e16144 t nand_command_lp
57e163a0 t nand_do_read_ops
57e16780 t nand_read_oob
57e16a18 t nand_read
57e16aa4 T nand_erase_nand
57e16e7c t nand_erase
57e16e84 T nand_scan_ident
57e17480 T nand_scan_tail
57e17a14 T nand_scan
57e17a38 T nand_release
57e17a60 t check_pattern
57e17b08 t scan_read_raw
57e17b50 t create_bbt
57e17e24 t search_bbt
57e1800c t read_bbt
57e1823c t read_abs_bbt
57e1832c t write_bbt
57e1896c T nand_update_bbt
57e18ab8 t mark_bbt_region
57e18c48 T nand_scan_bbt
57e190d4 T nand_default_bbt
57e19184 T nand_isbad_bbt
57e191d8 T nand_calculate_ecc
57e192c8 T nand_correct_data
57e193ec t nand_block_bad_scrub
57e193f4 t check_skip_len
57e1948c T nand_erase_opts
57e19858 T nand_write_skip_bad
57e19a2c T nand_read_skip_bad
57e19c14 t s3c_nand_select_chip
57e19c58 t s3c_nand_device_ready
57e19c6c t s3c_nand_enable_hwecc
57e19cb0 t s3c_nand_calculate_ecc
57e19cec t s3c_nand_correct_data
57e19d88 t s3c_nand_hwcontrol
57e19e08 T board_nand_init
57e19ed4 t dm9000_outblk_8bit
57e19ef8 t dm9000_outblk_16bit
57e19f34 t dm9000_outblk_32bit
57e19f68 t dm9000_inblk_8bit
57e19f90 t dm9000_inblk_16bit
57e19fcc t dm9000_inblk_32bit
57e1a000 t dm9000_rx_status_32bit
57e1a020 t dm9000_rx_status_16bit
57e1a04c t dm9000_rx_status_8bit
57e1a090 t dm9000_reset
57e1a174 t dm9000_rx
57e1a2f4 t dm9000_phy_read
57e1a364 t dm9000_init
57e1a6ac t dm9000_send
57e1a79c t dm9000_halt
57e1a834 T dm9000_initialize
57e1a894 T serial_setbrg
57e1a8e0 T serial_init
57e1a918 T serial_getc
57e1a938 T serial_putc
57e1a964 T serial_tstc
57e1a978 T serial_puts
57e1a998 t td_alloc
57e1a9d4 t ep_rev
57e1aa0c t urb_free_priv
57e1aa54 t td_fill.isra.5
57e1aae0 t td_submit_job.isra.6
57e1ace4 t hc_reset.constprop.11
57e1ad98 t hc_interrupt
57e1b2bc T sohci_submit_job
57e1b7c8 T rh_check_port_status
57e1b818 T submit_common_msg
57e1b954 T submit_bulk_msg
57e1b970 T submit_control_msg
57e1bf00 T submit_int_msg
57e1bf20 T usb_event_poll
57e1bf24 T usb_lowlevel_init
57e1c0c8 T usb_lowlevel_stop
57e1c0f8 T usb_cpu_init
57e1c114 T usb_cpu_stop
57e1c130 T usb_cpu_init_fail
57e1c148 t video_drawchars
57e1c5a0 t video_putchar
57e1c5d0 t console_newline
57e1c6b8 T video_putc
57e1c85c T video_puts
57e1c88c T __video_set_lut
57e1c890 T video_display_bitmap
57e1d2ec T logo_plot
57e1d474 T __board_video_skip
57e1d474 W board_video_skip
57e1d47c T drv_video_init
57e1d77c T video_hw_init
57e1ddac T video_set_lut
57e1ddb0 T video_get_param_len
57e1ddd4 T video_get_params
57e1e22c T video_get_video_mode
57e1e3b0 t ext2fs_read_inode
57e1e4b0 T ext2fs_free_node
57e1e4d4 T ext2fs_read_file
57e1e954 t ext2fs_iterate_dir
57e1ebb4 T ext2fs_find_file1
57e1ee38 T ext2fs_find_file
57e1eeb0 T ext2fs_ls
57e1ef28 T ext2fs_open
57e1efb8 T ext2fs_close
57e1f06c T ext2fs_read
57e1f0a4 T ext2fs_mount
57e1f164 T ext2fs_set_blk_dev
57e1f1b8 T ext2fs_devread
57e1f380 t downcase
57e1f3a4 t disk_read
57e1f3f0 t dirdelim
57e1f420 t get_fatent
57e1f574 t read_bootsectandvi
57e1f664 t get_cluster
57e1f700 t get_name
57e1f7ac t slot2str
57e1f86c t get_vfatname
57e1fa2c T fat_register_device
57e1fb3c T do_fat_read
57e20530 T file_fat_detectfs
57e20684 T file_fat_ls
57e20694 T file_fat_read
57e206cc T file_getfsname
57e206e4 T file_cd
57e208d8 T file_detectfs
57e20914 T file_ls
57e209a0 T file_read
57e20a3c T crc7
57e20a60 T cyg_crc16
57e20aa8 T crc32_no_comp
57e20b80 T crc32
57e20b94 T crc32_wd
57e20b98 T display_options
57e20bb8 T print_size
57e20cec T print_buffer
57e20e58 T __div64_32
57e20f2c T zalloc
57e20f3c T zfree
57e20f44 T zunzip
57e2104c T gunzip
57e21114 t cmpkey
57e21128 T hcreate_r
57e211d4 T hdestroy_r
57e21248 T hstrstr_r
57e212f4 T hmatch_r
57e21394 T hsearch_r
57e21684 T hdelete_r
57e2170c T hexport_r
57e21948 T himport_r
57e21b94 t lmb_add_region
57e21d54 T lmb_dump_all
57e21d58 T lmb_init
57e21d80 T lmb_add
57e21d84 T lmb_free
57e21e90 T lmb_reserve
57e21e98 T lmb_overlaps_region
57e21ef0 T __lmb_alloc_base
57e21ffc T lmb_alloc_base
57e22030 T lmb_alloc
57e22038 T lmb_is_reserved
57e22088 T __board_lmb_reserve
57e22088 W board_lmb_reserve
57e2208c T __arch_lmb_reserve
57e22090 T ldiv
57e220e0 T string_to_ip
57e22158 T qsort
57e2223c T strcmp_compar
57e22248 T strcpy
57e22264 T strncpy
57e22288 T strcat
57e222b8 T strncat
57e2230c T strcmp
57e2233c T strncmp
57e22380 T strchr
57e223ac T strlen
57e223cc T strrchr
57e22408 T strnlen
57e22438 T strdup
57e22474 T strspn
57e224b0 T strpbrk
57e224ec T strtok
57e22574 T strsep
57e225ac T strswab
57e225f4 T memset
57e22654 T bcopy
57e22674 T memcpy
57e226cc T memmove
57e22718 T memcmp
57e2274c T memscan
57e22778 T strstr
57e227e0 T memchr
57e22810 T strmhz
57e2287c T udelay
57e228ac t put_dec_trunc
57e229a4 t string
57e22a34 t put_dec
57e22b80 t number
57e22dd8 T simple_strtoul
57e22e90 T strict_strtoul
57e22f0c T simple_strtol
57e22f34 T ustrtoul
57e22fa4 T simple_strtoull
57e23080 T vsprintf
57e23694 T sprintf
57e236bc T panic
57e2370c T zcalloc
57e23714 T zcfree
57e2371c T inflate_fast
57e23cac T inflate_table
57e24210 T inflateReset
57e2428c T inflateInit2_
57e24394 T inflateInit_
57e243a8 T inflateEnd
57e2440c T adler32
57e24760 T inflate
57e25c68 t BootpHandler
57e2600c T BootpRequest
57e2621c t BootpTimeout
57e26264 W cpu_eth_init
57e26264 t __def_eth_init
57e2626c t eth_current_changed
57e262cc T eth_parse_enetaddr
57e26324 T eth_getenv_enetaddr
57e26380 T eth_setenv_enetaddr
57e263b4 T eth_getenv_enetaddr_by_index
57e263f8 T eth_get_dev
57e26408 T eth_get_dev_by_name
57e2645c T eth_get_dev_by_index
57e264a8 T eth_get_dev_index
57e264ec T eth_register
57e26544 T eth_initialize
57e267dc T eth_halt
57e2680c T eth_send
57e26844 T eth_rx
57e26870 T eth_try_another
57e268ec T eth_init
57e269b4 T eth_set_current
57e26a48 T eth_get_name
57e26a68 t startAgainTimeout
57e26a7c t startAgainHandler
57e26a80 t PingHandler
57e26a9c t NetCopyIP
57e26aa4 t PingTimeout
57e26ac0 t getenv_IPaddr
57e26ad0 T NetStartAgain
57e26bf8 T NetSetHandler
57e26c08 T NetSetTimeout
57e26c38 T NetSendPacket
57e26c3c T NetCksum
57e26c70 T NetCksumOk
57e26c94 T NetEthHdrSize
57e26cd4 T NetSetEther
57e26d7c T ArpRequest
57e26e78 T ArpTimeoutCheck
57e26eec T PingSend
57e27034 T NetReceive
57e27544 T NetSetIP
57e27640 T NetSendUDPPacket
57e27788 T copy_filename
57e277d0 T random_port
57e277ec T ip_to_string
57e27840 T VLAN_to_string
57e27890 T string_to_VLAN
57e278e8 T getenv_VLAN
57e278f8 T NetLoop
57e27cf8 t __fswab32
57e27d14 t rpc_lookup_reply
57e27dc0 t nfs_mount_reply
57e27e54 t nfs_umountall_reply
57e27ed8 t nfs_lookup_reply
57e27f64 t nfs_readlink_reply
57e28050 t basename
57e2808c t rpc_add_credentials
57e28148 t rpc_req
57e28234 t nfs_mount_req
57e282d0 t nfs_umountall_req
57e28328 t nfs_lookup_req
57e283d4 t nfs_read_req
57e28454 t nfs_readlink_req
57e284ac t nfs_read_reply.isra.0
57e285e4 t NfsSend
57e286e0 t NfsHandler
57e288b4 t NfsTimeout
57e2890c T NfsStart
57e28b38 t TftpSend
57e28cd8 t TftpHandler
57e28fcc t TftpTimeout
57e2903c T TftpStart
57e29314 t _TEXT_BASE
57e29318 T lowlevel_init
57e29398 t wakeup_reset
57e293b8 t system_clock_init
57e29444 t uart_asm_init
57e29454 t nand_asm_init
57e294b4 T board_init
57e29598 T dram_init_banksize
57e295b4 T dram_init
57e295d4 T checkboard
57e295ec T board_eth_init
57e295f0 T board_video_init
57e29624 T board_mmc_init
57e2962c T raise
57e29648 T __aeabi_unwind_cpp_pr0
57e2964c T __udivsi3
57e2964c t .udivsi3_skip_div0_test
57e2964c t __aeabi_uidiv
57e29740 t __aeabi_uidivmod
57e29760 T __divsi3
57e29760 t __aeabi_idiv
57e29768 t .divsi3_skip_div0_test
57e29888 t __aeabi_idivmod
57e298a8 T __lshrdi3
57e298a8 t __aeabi_llsr
57e298c4 T __ashrdi3
57e298c4 t __aeabi_lasr
57e298e0 T __ashldi3
57e298e0 t __aeabi_llsl
57e298fc W __aeabi_ldiv0
57e298fc t __aeabi_idiv0
57e29910 R version_string
57e299dc r boot_os
57e29a28 r op_table
57e29a90 r __func__.5692
57e29a9e r __func__.5658
57e29aac r CSWTCH.19
57e29ac2 r __func__.5486
57e29ad2 r __func__.5493
57e29add r __func__.5805
57e29ae8 r uimage_os
57e29b54 r uimage_arch
57e29c38 r uimage_type
57e29cc8 r uimage_comp
57e29d10 r erase_seq
57e29d14 r tab_seq
57e29d1d r us_direction
57e29d40 r CSWTCH.28
57e29d60 r block_drvr
57e29d78 r multipliers
57e29db8 r fbase
57e29dc8 r __func__.6214
57e29dd2 r __func__.6182
57e29de3 r __func__.6123
57e29df0 r default_nand_name
57e29df5 r __FUNCTION__.6691
57e29e03 r __FUNCTION__.6113
57e29e14 r __FUNCTION__.6454
57e29e26 r __func__.6826
57e29e3a r __FUNCTION__.6859
57e29e49 r nand_ecc_precalc_table
57e29f4c R nand_manuf_ids
57e29f9c R nand_flash_ids
57e2a404 r udivslot
57e2a444 r cc_to_string
57e2a484 r cc_to_error
57e2a4c4 r video_font_draw_table8
57e2a504 r video_font_draw_table15
57e2a514 r video_font_draw_table16
57e2a524 r video_font_draw_table32
57e2a624 r video_font_draw_table24
57e2a6e4 R res_mode_init
57e2a870 R vesa_modes
57e2a978 r filesystems
57e2a990 R crc7_syndrome_table
57e2aa90 r crc16_tab
57e2ac90 r crc_table
57e2b090 R _ctype
57e2b190 r names.5456
57e2b196 r digits.5443
57e2b1a6 R hex_asc
57e2b1b8 r lext.5682
57e2b1f6 r lbase.5681
57e2b234 r dext.5684
57e2b274 r dbase.5683
57e2b2b4 r lenfix
57e2bab4 r distfix
57e2bb34 r order.5777
57e2bb5c R z_errmsg
57e33ce8 D init_sequence
57e33d10 d cmd_bmp_sub
57e33d40 d cmd_bootm_sub
57e33de8 d do_echo
57e33dec d dp_last_length
57e33df0 d curr_device
57e33df4 d cmd_env_sub
57e33ecc d env_id
57e33ed0 D load_addr
57e33ed4 d usb_stor_curr_dev
57e33ed8 d av_
57e342e0 d sbrk_base
57e342e4 d trim_threshold
57e342e8 d mmap_threshold
57e342ec D default_environment
57e343dc D env_name_spec
57e343e0 d reserved_list
57e34464 d hist_cur
57e34468 D stdio_names
57e34474 d cur_dev_num
57e34478 D nand_curr_device
57e3447c d nand_oob_8
57e346c4 d nand_oob_16
57e3490c d nand_oob_64
57e34b54 d nand_oob_128
57e34d9c d largepage_flashbased
57e34dc0 d smallpage_flashbased
57e34de4 d largepage_memorybased
57e34e08 d smallpage_memorybased
57e34e2c d bbt_main_descr
57e34e50 d bbt_mirror_descr
57e34e74 d agand_flashbased
57e34e98 d mirror_pattern
57e34e9c d bbt_pattern
57e34ea0 d scan_agand_pattern
57e34ea6 d scan_ff_pattern
57e34ea8 d nand_cs
57e34eb0 d root_hub_dev_des
57e34ec2 d root_hub_config_des
57e34edb d root_hub_str_index0
57e34edf d root_hub_str_index1
57e34efc d video_fontdata
57e35efc d video_logo_height
57e35f00 d nl.6560
57e35f04 D linux_logo_red
57e35fda D linux_logo_green
57e360b0 D linux_logo_blue
57e36186 D linux_logo
57e37a88 D indir1_blkno
57e37a8c D indir2_blkno
57e37a90 d cur_part
57e37a94 D file_cwd
57e37c94 d current_filesystem
57e37c98 D NetOurVLAN
57e37c9a D NetBcastAddr
57e37ca0 D NetOurNativeVLAN
57e37ca4 d nfs_offset
57e37ca8 d TftpTimeoutMSecs
57e37cac d TftpBlkSizeOption
57e37cae d TftpBlkSize
57e37cb0 d TftpTimeoutCountMax
57e37cb4 D TftpRRQTimeoutCountMax
57e37cb8 D TftpRRQTimeoutMSecs
57e37cc8 D __u_boot_cmd_bdinfo
57e37cc8 D __u_boot_cmd_start
57e37ce0 D __u_boot_cmd_bmp
57e37cf8 D __u_boot_cmd_reset
57e37d10 D __u_boot_cmd_go
57e37d28 D __u_boot_cmd_iminfo
57e37d40 D __u_boot_cmd_bootd
57e37d58 D __u_boot_cmd_boot
57e37d70 D __u_boot_cmd_bootm
57e37d88 D __u_boot_cmd_dcache
57e37da0 D __u_boot_cmd_icache
57e37db8 D __u_boot_cmd_coninfo
57e37dd0 D __u_boot_cmd_echo
57e37de8 D __u_boot_cmd_bootvx
57e37e00 D __u_boot_cmd_bootelf
57e37e18 D __u_boot_cmd_exit
57e37e30 D __u_boot_cmd_ext2load
57e37e48 D __u_boot_cmd_ext2ls
57e37e60 D __u_boot_cmd_fatinfo
57e37e78 D __u_boot_cmd_fatls
57e37e90 D __u_boot_cmd_fatload
57e37ea8 D __u_boot_cmd_protect
57e37ec0 D __u_boot_cmd_erase
57e37ed8 D __u_boot_cmd_flinfo
57e37ef0 D __u_boot_cmd_question_mark
57e37f08 D __u_boot_cmd_help
57e37f20 D __u_boot_cmd_itest
57e37f38 D __u_boot_cmd_loady
57e37f50 D __u_boot_cmd_loadb
57e37f68 D __u_boot_cmd_loads
57e37f80 D __u_boot_cmd_mtest
57e37f98 D __u_boot_cmd_loop
57e37fb0 D __u_boot_cmd_base
57e37fc8 D __u_boot_cmd_crc32
57e37fe0 D __u_boot_cmd_cmp
57e37ff8 D __u_boot_cmd_cp
57e38010 D __u_boot_cmd_mw
57e38028 D __u_boot_cmd_nm
57e38040 D __u_boot_cmd_mm
57e38058 D __u_boot_cmd_md
57e38070 D __u_boot_cmd_sleep
57e38088 D __u_boot_cmd_mmc
57e380a0 D __u_boot_cmd_mmcinfo
57e380b8 D __u_boot_cmd_nboot
57e380d0 D __u_boot_cmd_nand
57e380e8 D __u_boot_cmd_ping
57e38100 D __u_boot_cmd_nfs
57e38118 D __u_boot_cmd_tftpboot
57e38130 D __u_boot_cmd_bootp
57e38148 D __u_boot_cmd_run
57e38160 D __u_boot_cmd_setenv
57e38178 D __u_boot_cmd_printenv
57e38190 D __u_boot_cmd_editenv
57e381a8 D __u_boot_cmd_env
57e381c0 D __u_boot_cmd_saveenv
57e381d8 D __u_boot_cmd_reginfo
57e381f0 D __u_boot_cmd_source
57e38208 D __u_boot_cmd_true
57e38220 D __u_boot_cmd_false
57e38238 D __u_boot_cmd_test
57e38250 D __u_boot_cmd_unzip
57e38268 D __u_boot_cmd_usbboot
57e38280 D __u_boot_cmd_usb
57e38298 D __u_boot_cmd_version
57e382b0 D __u_boot_cmd_imxtract
57e382c8 D __u_boot_cmd_showvar
57e382e0 B __bss_start
57e382e0 B monitor_flash_len
57e382e0 D __u_boot_cmd_end
57e382e0 R __rel_dyn_start
57e382e4 b params
57e382e8 b images
57e38414 b os_data_state
57e38418 b os_data_addr
57e3841c b bin_start_address
57e38420 B his_pad_count
57e38424 B his_pad_char
57e38425 b a_b
57e3843d B his_eol
57e38440 b k_data_escape
57e38444 B os_data_init
57e38448 b k_data_escape_saved
57e3844c b os_data_state_saved
57e38450 b os_data_addr_saved
57e38454 B os_data_char
57e38458 B his_quote
57e3845c B send_ptr
57e38460 B send_parms
57e38474 b dp_last_addr
57e38478 b dp_last_size
57e3847c b base_address
57e38480 b mm_last_addr
57e38484 b mm_last_size
57e38488 b last.6307
57e38490 b ctrlc_disabled
57e38494 b ctrlc_was_pressed
57e38498 B mem_malloc_brk
57e3849c B mem_malloc_start
57e384a0 B mem_malloc_end
57e384a4 b current_mallinfo
57e384cc b top_pad
57e384d0 b max_sbrked_mem
57e384d4 b max_total_mem
57e384d8 b n_mmaps_max
57e384dc B env_htab
57e384e8 B env_ptr
57e384ec b top_vars
57e384f0 b flag_repeat
57e384f4 b do_repeat
57e384f8 b the_command.5609
57e385f8 b local.5593
57e3860e b buf.5807
57e38638 B last_return_code
57e3863c b map
57e3873c b ifs
57e38740 B nesting_level
57e38744 b initted.5605
57e38748 b hist_max
57e3874c b hist_add_idx
57e38750 B hist_num
57e38754 B hist_list
57e387a4 B hist_lines
57e39bb8 B console_buffer
57e39cbc b devs
57e39cf8 B stdio_devices
57e39d04 B usb_started
57e39d08 b asynch_allowed
57e39d0c b usb_hub_index
57e39d10 b setup_packet
57e39d18 b usb_dev
57e3dcd8 R __dynsym_start
57e3dcd8 R __rel_dyn_end
57e3dd88 R _end
57e44618 b dev_index
57e4461c b hub_dev
57e4471c b running
57e44720 b usb_ccb
57e447b0 b usb_dev_desc
57e449cc b usb_max_devs
57e449d0 b CBWTag
57e449d4 b usb_stor_buf
57e44bd4 b usb_stor
57e44cd8 b xyz
57e45118 b mmc_devices
57e45120 B mmc_dev
57e45468 B mmc_host
57e45490 B nand_info
57e45538 b nand_chip
57e45658 b chip_n.6493
57e4565c b dm9000_info
57e45800 B ptd
57e45804 b gohci
57e45950 B ohci_dev
57e45ae0 B devgone
57e45ae4 B phcca
57e45b00 B ghcca
57e45c00 B gtd
57e46c40 b ohci_inited
57e46d00 b pGD
57e46d04 b video_fb_address
57e46d08 b eorx
57e46d0c b bgx
57e46d10 b console_col
57e46d14 b console_row
57e46d18 b video_console_address
57e46d1c b fgx
57e46d20 b video_fb_gb_loadaddress
57e46d24 b video_fb_gb_size
57e46d28 B smi
57e46db8 b inode_size
57e46dbc B ext2fs_root
57e46dc0 B indir1_block
57e46dc4 B indir1_size
57e46dc8 B indir2_block
57e46dcc B indir2_size
57e46dd0 B symlinknest
57e46dd4 B ext2fs_file
57e46dd8 b ext2fs_block_dev_desc
57e46ddc b part_info
57e46e28 b cur_dev
57e46e2c b part_offset
57e46e30 B get_vfatname_block
57e56e30 B do_fat_read_block
57e66e30 B get_dentfromdir_block
57e76e30 B errno
57e76e34 B ___strtok
57e76e38 B BootpID
57e76e3c B BootpTry
57e76e40 b eth_current
57e76e44 b eth_devices
57e76e48 b first_failed.5993
57e76e4c b act.5998
57e76e50 b env_changed_id.5999
57e76e54 B NetState
57e76e58 B NetPingIP
57e76e5c b NetTryCount
57e76e60 b NetRestarted
57e76e64 B NetRestartWrap
57e76e68 b NetDevExists
57e76e6c b timeHandler
57e76e70 b timeStart
57e76e74 b timeDelta
57e76e78 b packetHandler
57e76e7c B NetOurEther
57e76e84 B NetTxPacket
57e76e88 B NetOurIP
57e76e8c B NetArpWaitPacketIP
57e76e90 B NetOurSubnetMask
57e76e94 B NetOurGatewayIP
57e76e98 B NetArpWaitReplyIP
57e76e9c B NetArpWaitTimerStart
57e76ea0 B NetArpWaitTry
57e76ea4 b mac.5525
57e76eaa B NetEtherNullAddr
57e76eb0 B NetArpWaitPacketMAC
57e76eb4 B NetArpWaitTxPacket
57e76eb8 B NetIPID
57e76ebc b PingSeqNo
57e76ec0 B NetArpWaitTxPacketSize
57e76ec4 B NetRxPacket
57e76ec8 B NetRxPacketLen
57e76ecc B PktBuf
57e78cec B NetRxPackets
57e78cfc B NetArpWaitPacketBuf
57e7931c b env_changed_id.5458
57e79320 B NetServerIP
57e79324 B NetBootFileXferSize
57e79328 B BootFile
57e793a8 B NetServerEther
57e793ae B NetBootFileSize
57e793b0 B NetOurRootPath
57e793f0 B NetOurHostName
57e79410 B NetOurNISDomain
57e79430 B NetOurDNSIP
57e79434 b rpc_id
57e79438 b NfsSrvMountPort
57e7943c b NfsSrvNfsPort
57e79440 b fs_mounted
57e79444 b dirfh
57e79464 b filefh
57e79484 b nfs_path
57e79488 b NfsServerIP
57e7948c b NfsOurPort
57e79490 b NfsState
57e79494 b nfs_filename
57e79498 b nfs_len
57e7949c b NfsDownloadState
57e794a0 b NfsTimeoutCount
57e794a4 b nfs_path_buff
57e79ca4 b default_filename
57e79ce4 b TftpState
57e79ce8 b tftp_filename
57e79d68 b TftpBlock
57e79d6c b TftpRemoteIP
57e79d70 b TftpRemotePort
57e79d74 b TftpOurPort
57e79d78 b TftpBlockWrap
57e79d7c b TftpBlockWrapOffset
57e79d80 b TftpLastBlock
57e79d84 b TftpTimeoutCount
57e79d88 b default_filename
57e79d98 B __bss_end__
