
Memory Configuration

Name             Origin             Length             Attributes
*default*        0x00000000         0xffffffff

Linker script and memory map

                0x00000000                . = 0x0
                0x00000000                . = ALIGN (0x4)

.text           0x00000000      0xae4
 start.o(.text)
 .text          0x00000000       0xc0 start.o
                0x00000000                _start
                0x00000040                _end_vect
                0x00000040                _TEXT_BASE
                0x00000048                _bss_start_ofs
                0x0000004c                _bss_end_ofs
                0x00000050                _end_ofs
                0x00000054                IRQ_STACK_START_IN
 cpu_init.o(.text)
 .text          0x000000c0      0x200 cpu_init.o
                0x000000c0                mem_ctrl_asm_init
 nand_boot.o(.text)
 .text          0x000002c0      0x268 nand_boot.o
                0x000003ac                nand_boot
 *(.text)
 .text          0x00000528      0x188 lowlevel_init.o
                0x0000052c                lowlevel_init
 .text          0x000006b0      0x124 nand_ecc.o
                0x000006b0                nand_correct_data
 .text          0x000007d4      0x310 s3c64xx.o
                0x000009f4                board_nand_init

.glue_7         0x00000ae4        0x0
 .glue_7        0x00000000        0x0 linker stubs

.glue_7t        0x00000ae4        0x0
 .glue_7t       0x00000000        0x0 linker stubs

.vfp11_veneer   0x00000ae4        0x0
 .vfp11_veneer  0x00000000        0x0 linker stubs

.v4_bx          0x00000ae4        0x0
 .v4_bx         0x00000000        0x0 linker stubs

.iplt           0x00000ae4        0x0
 .iplt          0x00000000        0x0 start.o
                0x00000ae4                . = ALIGN (0x4)

.rodata
 *(SORT(.rodata*))
                0x00000ae4                . = ALIGN (0x4)

.data           0x00000ae4        0x8
 *(.data)
 .data          0x00000ae4        0x0 start.o
 .data          0x00000ae4        0x0 cpu_init.o
 .data          0x00000ae4        0x0 nand_boot.o
 .data          0x00000ae4        0x0 lowlevel_init.o
 .data          0x00000ae4        0x0 nand_ecc.o
 .data          0x00000ae4        0x8 s3c64xx.o

.igot.plt       0x00000aec        0x0
 .igot.plt      0x00000000        0x0 start.o
                0x00000aec                . = ALIGN (0x4)

.got
 *(.got)
                0x00000aec                __u_boot_cmd_start = .

.u_boot_cmd
 *(.u_boot_cmd)
                0x00000aec                __u_boot_cmd_end = .
                0x00000aec                . = ALIGN (0x4)
                0x00000aec                __bss_start = .

.rel.dyn        0x00000aec        0x0
                0x00000aec                __rel_dyn_start = .
 *(.rel*)
 .rel.iplt      0x00000000        0x0 start.o
                0x00000aec                __rel_dyn_end = .

.dynsym         0x00000aec        0x0
                0x00000aec                __dynsym_start = .
 *(.dynsym)
                0x00000aec                _end = .

.bss            0x00000aec        0x4
                0x00000aec                __bss_start = .
 *(.bss)
 .bss           0x00000aec        0x0 start.o
 .bss           0x00000aec        0x0 cpu_init.o
 .bss           0x00000aec        0x0 nand_boot.o
 .bss           0x00000aec        0x0 lowlevel_init.o
 .bss           0x00000aec        0x0 nand_ecc.o
 .bss           0x00000aec        0x4 s3c64xx.o
                0x00000af0                . = ALIGN (0x4)
                0x00000af0                __bss_end__ = .
Address of section .text set to 0x0
LOAD start.o
LOAD cpu_init.o
LOAD lowlevel_init.o
LOAD nand_boot.o
LOAD nand_ecc.o
LOAD s3c64xx.o
OUTPUT(/home/max/gitProject/ARM-Tiny6410/linux/u-boot/u-boot-tekkamanninja/nand_spl/u-boot-spl elf32-littlearm)

.ARM.attributes
                0x00000000       0x26
 .ARM.attributes
                0x00000000       0x1a start.o
 .ARM.attributes
                0x0000001a       0x1a cpu_init.o
 .ARM.attributes
                0x00000034       0x2a nand_boot.o
 .ARM.attributes
                0x0000005e       0x1a lowlevel_init.o
 .ARM.attributes
                0x00000078       0x2a nand_ecc.o
 .ARM.attributes
                0x000000a2       0x2a s3c64xx.o

.comment        0x00000000       0x46
 .comment       0x00000000       0x46 nand_boot.o
                                 0x47 (size before relaxing)
 .comment       0x00000000       0x47 nand_ecc.o
 .comment       0x00000000       0x47 s3c64xx.o

.note.GNU-stack
                0x00000000        0x0
 .note.GNU-stack
                0x00000000        0x0 nand_boot.o
 .note.GNU-stack
                0x00000000        0x0 nand_ecc.o
 .note.GNU-stack
                0x00000000        0x0 s3c64xx.o

.debug_line     0x00000000      0x8a8
 .debug_line    0x00000000       0x5f start.o
 .debug_line    0x0000005f       0xc8 cpu_init.o
 .debug_line    0x00000127      0x267 nand_boot.o
 .debug_line    0x0000038e       0xba lowlevel_init.o
 .debug_line    0x00000448      0x1ae nand_ecc.o
 .debug_line    0x000005f6      0x2b2 s3c64xx.o

.debug_info     0x00000000     0x3286
 .debug_info    0x00000000       0x95 start.o
 .debug_info    0x00000095       0x98 cpu_init.o
 .debug_info    0x0000012d     0x1450 nand_boot.o
 .debug_info    0x0000157d       0x9d lowlevel_init.o
 .debug_info    0x0000161a      0x838 nand_ecc.o
 .debug_info    0x00001e52     0x1434 s3c64xx.o

.debug_abbrev   0x00000000      0x79a
 .debug_abbrev  0x00000000       0x14 start.o
 .debug_abbrev  0x00000014       0x14 cpu_init.o
 .debug_abbrev  0x00000028      0x2b4 nand_boot.o
 .debug_abbrev  0x000002dc       0x14 lowlevel_init.o
 .debug_abbrev  0x000002f0      0x1ac nand_ecc.o
 .debug_abbrev  0x0000049c      0x2fe s3c64xx.o

.debug_aranges  0x00000000       0xc0
 .debug_aranges
                0x00000000       0x20 start.o
 .debug_aranges
                0x00000020       0x20 cpu_init.o
 .debug_aranges
                0x00000040       0x20 nand_boot.o
 .debug_aranges
                0x00000060       0x20 lowlevel_init.o
 .debug_aranges
                0x00000080       0x20 nand_ecc.o
 .debug_aranges
                0x000000a0       0x20 s3c64xx.o

.debug_loc      0x00000000      0xc92
 .debug_loc     0x00000000      0x365 nand_boot.o
 .debug_loc     0x00000365      0x3b6 nand_ecc.o
 .debug_loc     0x0000071b      0x577 s3c64xx.o

.debug_ranges   0x00000000       0x68
 .debug_ranges  0x00000000       0x50 nand_boot.o
 .debug_ranges  0x00000050       0x18 s3c64xx.o

.debug_str      0x00000000      0x9b0
 .debug_str     0x00000000      0x847 nand_boot.o
                                0x962 (size before relaxing)
 .debug_str     0x00000847       0x37 nand_ecc.o
                                0x5bb (size before relaxing)
 .debug_str     0x0000087e      0x132 s3c64xx.o
                                0x9da (size before relaxing)

.debug_frame    0x00000000      0x140
 .debug_frame   0x00000000       0x50 nand_boot.o
 .debug_frame   0x00000050       0x2c nand_ecc.o
 .debug_frame   0x0000007c       0xc4 s3c64xx.o
